  sweeping SSL G3 MultiBusComp candidate [1] High Threshold (unseen version 1.0.12: defaults sampled first) - 1 reference + 16 position processes
  sweeping SSL G3 MultiBusComp candidate [16] Low Threshold (unseen version 1.0.12: defaults sampled first) - 1 reference + 16 position processes
  sweeping SSL G3 MultiBusComp candidate [31] Mid Threshold (unseen version 1.0.12: defaults sampled first) - 1 reference + 16 position processes
CANDIDATE [1] High Threshold (flags ) - SSL G3 MultiBusComp (class bands_or_stages, 3 candidates; the others at their instantiate defaults)
probe: signed EchoJayProbe (feat/ejmap-cert), team 8BT5F9B887, cdhash 06b9a8eb323f17699292139ef27f6206075e8958
host: EJ Map 0.1.0 / arm64 / 48k (native)
threshold: [1] High Threshold unit '' (class bands_or_stages) | positions 16 (16 evenly spaced), one process each, levels quiet to loud
links as instantiated (recorded, not written): [0] Low-Mid Band Link = 'Off', [40] Mid-High Band Link = 'Off'
ratio: 3 controls hold the ratio role | auto make-up disabled: no
default-threshold reference ('0.0', spec 4.7 check only):  -24.00 out-in -0.26  -12.00 out-in -1.01  -6.00 out-in -1.99  (default gain is information only)
linear reference (soft end): none
writes landed by: instack 16
processes: 54 run, 0 retried, 0 position(s) failed
write verify: 16 landed, 0 write_unlanded (skipped), in-stack read already matched on 16 of 16, pump slices total 16, longest confirm 3.1 ms, re-rendered 0
hold doubled at positions: none
still moving AFTER doubling (reading not used): none

pos   norm      display        red@-24  red@-12  red@-6    T(peak)   T-display
  0  0.0000    -40.0             --       --       --          --          
  1  0.0667    -37.3             --       --       --          --          
  2  0.1333    -34.7             --       --       --          --          
  3  0.2000    -32.0             --       --       --          --          
  4  0.2667    -29.3             --       --       --          --          
  5  0.3333    -26.7             --       --       --          --          
  6  0.4000    -24.0             --       --       --          --          
  7  0.4667    -21.3             --       --       --          --          
  8  0.5333    -18.7             --       --       --          --          
  9  0.6000    -16.0             --       --       --          --          
 10  0.6667    -13.3             --       --       --          --          
 11  0.7333    -10.7             --       --       --          --          
 12  0.8000    -8.0              --       --       --          --          
 13  0.8667    -5.3              --       --       --          --          
 14  0.9333    -2.7              --       --       --          --          
 15  1.0000    0.0               --       --       --          --          

1 MAP:             flat (the ends differ by no more than 1 dB at every test level) | sense -- | engage -24.00:none -12.00:none -6.00:none
2 engage drift:    null  (not a dB display)   (primary; displayLinear unset until the population decides)
   offset IQR:      null
3 displayOffsetDb: null
fixture: AudioUnit_75154755_1.0.12.json

CANDIDATE [16] Low Threshold (flags ) - SSL G3 MultiBusComp (class bands_or_stages, 3 candidates; the others at their instantiate defaults)
probe: signed EchoJayProbe (feat/ejmap-cert), team 8BT5F9B887, cdhash 06b9a8eb323f17699292139ef27f6206075e8958
host: EJ Map 0.1.0 / arm64 / 48k (native)
threshold: [16] Low Threshold unit '' (class bands_or_stages) | positions 16 (16 evenly spaced), one process each, levels quiet to loud
links as instantiated (recorded, not written): [0] Low-Mid Band Link = 'Off', [40] Mid-High Band Link = 'Off'
ratio: 3 controls hold the ratio role | auto make-up disabled: no
default-threshold reference ('0.0', spec 4.7 check only):  -24.00 out-in -0.26  -12.00 out-in -1.01  -6.00 out-in -1.99  (default gain is information only)
linear reference (soft end): none
writes landed by: instack 16
processes: 54 run, 0 retried, 0 position(s) failed
write verify: 16 landed, 0 write_unlanded (skipped), in-stack read already matched on 16 of 16, pump slices total 16, longest confirm 3.1 ms, re-rendered 0
hold doubled at positions: none
still moving AFTER doubling (reading not used): none

pos   norm      display        red@-24  red@-12  red@-6    T(peak)   T-display
  0  0.0000    -40.0             --       --       --          --          
  1  0.0667    -37.3             --       --       --          --          
  2  0.1333    -34.7             --       --       --          --          
  3  0.2000    -32.0             --       --       --          --          
  4  0.2667    -29.3             --       --       --          --          
  5  0.3333    -26.7             --       --       --          --          
  6  0.4000    -24.0             --       --       --          --          
  7  0.4667    -21.3             --       --       --          --          
  8  0.5333    -18.7             --       --       --          --          
  9  0.6000    -16.0             --       --       --          --          
 10  0.6667    -13.3             --       --       --          --          
 11  0.7333    -10.7             --       --       --          --          
 12  0.8000    -8.0              --       --       --          --          
 13  0.8667    -5.3              --       --       --          --          
 14  0.9333    -2.7              --       --       --          --          
 15  1.0000    0.0               --       --       --          --          

1 MAP:             flat (the ends differ by no more than 1 dB at every test level) | sense -- | engage -24.00:none -12.00:none -6.00:none
2 engage drift:    null  (not a dB display)   (primary; displayLinear unset until the population decides)
   offset IQR:      null
3 displayOffsetDb: null
fixture: AudioUnit_75154755_1.0.12.json

CANDIDATE [31] Mid Threshold (flags ) - SSL G3 MultiBusComp (class bands_or_stages, 3 candidates; the others at their instantiate defaults)
probe: signed EchoJayProbe (feat/ejmap-cert), team 8BT5F9B887, cdhash 06b9a8eb323f17699292139ef27f6206075e8958
host: EJ Map 0.1.0 / arm64 / 48k (native)
threshold: [31] Mid Threshold unit '' (class bands_or_stages) | positions 16 (16 evenly spaced), one process each, levels quiet to loud
links as instantiated (recorded, not written): [0] Low-Mid Band Link = 'Off', [40] Mid-High Band Link = 'Off'
ratio: 3 controls hold the ratio role | auto make-up disabled: no
default-threshold reference ('0.0', spec 4.7 check only):  -24.00 out-in -0.26  -12.00 out-in -1.01  -6.00 out-in -1.99  (default gain is information only)
linear reference (soft end, position 15):  -24.00 -0.22  -12.00 -0.91  -6.00 -1.82  | spread 1.60 dB (unusable beyond 2.0)
writes landed by: instack 16
processes: 54 run, 0 retried, 0 position(s) failed
write verify: 16 landed, 0 write_unlanded (skipped), in-stack read already matched on 16 of 16, pump slices total 16, longest confirm 3.1 ms, re-rendered 0
hold doubled at positions: 0,1,2,3,4,5,6,7,8,9,10,11,12
still moving AFTER doubling (reading not used): 0,1

pos   norm      display        red@-24  red@-12  red@-6    T(peak)   T-display
  0  0.0000    -40.0             --    17.11    20.53          --          
  1  0.0667    -37.3             --    15.30    18.62          --          
  2  0.1333    -34.7           7.30    13.62    16.82          --          
  3  0.2000    -32.0           6.07    11.94    15.00          --          
  4  0.2667    -29.3           4.98    10.35    13.25          --          
  5  0.3333    -26.7           4.04     8.89    11.62          --          
  6  0.4000    -24.0           3.20     7.48    10.01          --          
  7  0.4667    -21.3           2.48     6.18     8.47          --          
  8  0.5333    -18.7           1.91     5.04     7.09          --          
  9  0.6000    -16.0           1.04     3.93     5.75          --          
 10  0.6667    -13.3           0.73     3.01     4.53          --          
 11  0.7333    -10.7           0.50     2.24     3.03          --          
 12  0.8000    -8.0            0.32     1.57     2.10          --          
 13  0.8667    -5.3            0.18     0.65     1.16          --          
 14  0.9333    -2.7            0.08     0.29     0.53          --          
 15  1.0000    0.0             0.00     0.00     0.00          --          

1 MAP:             certified (ratio unknown (no ratio control): no dB-equivalent map) | sense lower_is_harder | engage -24.00:11 -12.00:13 -6.00:14
2 engage drift:    null  (not a dB display)   (primary; displayLinear unset until the population decides)
   offset IQR:      null
3 displayOffsetDb: null
fixture: AudioUnit_75154755_1.0.12.json

