MAINS CONFIRMED 07:46:15
=== [1] Tube-Tech CL 1B   07:46:35   ilok=[0x00130000 / 2]   power='AC Power'
  sweeping Tube-Tech CL 1B (unseen version 2.5.62: defaults sampled first) - 1 reference + 16 position processes
EJ Map threshold sweep - Tube-Tech CL 1B -> AudioUnit_517f614e_2.5.62.json  (DISCOVERED: mapped (server map state 3); no fixture existed)
probe: signed EchoJayProbe (feat/ejmap-cert), team 8BT5F9B887, cdhash e3db6a2a42ce59531d5fc5795f1d6b63a73c05e7
host: EJ Map 0.1.0 / arm64 / 48k (native)
threshold: [2] Threshold unit 'dB' (class single_threshold) | positions 16 (16 evenly spaced), one process each, levels quiet to loud
ratio: [1] ran at '6:1' -> 6 | auto make-up disabled: no
default-threshold reference ('Off', spec 4.7 check only):  -60.00 out-in -0.64  -58.00 out-in -0.64  -56.00 out-in -0.64  -54.00 out-in -0.64  -52.00 out-in -0.64  -50.00 out-in -0.64  -48.00 out-in -0.64  -46.00 out-in -0.64  -44.00 out-in -0.64  -42.00 out-in -0.64  -40.00 out-in -0.64  -38.00 out-in -0.64  -36.00 out-in -0.64  -34.00 out-in -0.64  -32.00 out-in -0.64  -30.00 out-in -0.64  -28.00 out-in -0.64  -26.00 out-in -0.64  -24.00 out-in -0.64  -22.00 out-in -0.64  -20.00 out-in -0.64  -18.00 out-in -0.64  -16.00 out-in -0.64  -14.00 out-in -0.64  -12.00 out-in -0.64  -10.00 out-in -0.64  -8.00 out-in -0.64  -6.00 out-in -0.64  -4.00 out-in -0.64  -2.00 out-in -0.64  0.00 out-in -0.64  (default gain is information only)
linear reference: each position's own gain at -48, checked against -54 (must differ by 6 dB within 0.1): 0.00 0.00 0.00 -0.01 -0.05 -0.09 -0.15 -0.22 -0.31 -0.56 -0.86 -1.12 -1.77 -2.37 -2.71 -2.72
writes landed by: instack 16
processes: 36 run, 0 retried, 0 position(s) failed
write verify: 16 landed, 0 write_unlanded (skipped), in-stack read already matched on 16 of 16, pump slices total 16, longest confirm 3.1 ms, re-rendered 0
hold doubled at positions: none
still moving AFTER doubling (reading not used): none

pos   norm      display        red@-24  red@-12  red@-6    T(peak)   T-display
  0  0.0000    Off             0.00     0.00     0.00   {"above": 0.0}          
  1  0.0667    1.4             0.01     0.02     0.05   {"above": 0.0}          
  2  0.1333    0.8             0.01     0.06     0.14   {"above": 0.0}          
  3  0.2000    0.2             0.49     1.79     3.51       -13.4    -13.60
  4  0.2667    -4.2            1.36     5.47     9.19       -20.5    -16.30
  5  0.3333    -10.2           2.14     8.33    12.51       -25.1    -14.90
  6  0.4000    -13.5             --       --       --          --          
  7  0.4667    -16.8             --       --       --          --          
  8  0.5333    -20.3             --       --       --          --          
  9  0.6000    -25.4             --       --       --          --          
 10  0.6667    -30.2             --       --       --          --          
 11  0.7333    -32.7             --       --       --          --          
 12  0.8000    -35.2             --       --       --          --          
 13  0.8667    -37.7             --       --       --          --          
 14  0.9333    -40.0             --       --       --          --          
 15  1.0000    -41.0             --       --       --          --          

1 MAP:             certified | sense higher_is_harder | engage -60.00:none -58.00:none -56.00:none -54.00:none -52.00:none -50.00:none -48.00:none -46.00:none -44.00:none -42.00:none -40.00:none -38.00:none -36.00:5 -34.00:5 -32.00:4 -30.00:4 -28.00:4 -26.00:4 -24.00:4 -22.00:3 -20.00:3 -18.00:3 -16.00:3 -14.00:3 -12.00:3 -10.00:3 -8.00:3 -6.00:3 -4.00:3 -2.00:3 0.00:3
2 engage drift:    27.61  -10.00:11.85  -12.00:13.74  -14.00:15.66  -16.00:17.65  -18.00:19.56  -2.00:5.83  -20.00:21.15  -22.00:22.68  -24.00:26.52  -26.00:27.35  -28.00:27.99  -30.00:28.40  -32.00:28.39  -34.00:27.76  -36.00:26.25  -38.00:null  -4.00:7.19  -40.00:null  -42.00:null  -44.00:null  -46.00:null  -48.00:null  -50.00:null  -52.00:null  -54.00:null  -56.00:null  -58.00:null  -6.00:8.53  -60.00:null  -8.00:9.96  0.00:0.78   (primary; displayLinear unset until the population decides)
   offset IQR:      1.35 dB over 3 positions (min -16.30, max -13.60)
3 displayOffsetDb: -14.90  (outside spec 7's 2 dB bar)
fixture: AudioUnit_517f614e_2.5.62.json
--- exit=0   07:48:28   wall_s=113   ilok=[0x00130000 / 2]
=== [2] NEOLD U2A   07:48:28   ilok=[0x00130000 / 2]   power='AC Power'
  neutral: [2] Mix -> norm 0.96875 ('96.9 %') for mix_wet
  neutral: [3] Drive -> norm 0.03125 ('3.1 %') for drive_cleanest
  sweeping NEOLD U2A (unseen version 1.1.0: defaults sampled first) - 1 reference + 16 position processes
EJ Map threshold sweep - NEOLD U2A -> AudioUnit_61755c26_1.1.0.json  (DISCOVERED: mapped (server map state 3); no fixture existed)
probe: signed EchoJayProbe (feat/ejmap-cert), team 8BT5F9B887, cdhash e3db6a2a42ce59531d5fc5795f1d6b63a73c05e7
host: EJ Map 0.1.0 / arm64 / 48k (native)
threshold: [9] Peak Reduction unit '%' (class single_threshold) | positions 16 (16 evenly spaced), one process each, levels quiet to loud
ratio: no control holds the ratio role | auto make-up disabled: no
default-threshold reference ('0.0', spec 4.7 check only):  -60.00 out-in 0.18  -58.00 out-in 0.18  -56.00 out-in 0.18  -54.00 out-in 0.18  -52.00 out-in 0.18  -50.00 out-in 0.18  -48.00 out-in 0.18  -46.00 out-in 0.18  -44.00 out-in 0.18  -42.00 out-in 0.18  -40.00 out-in 0.18  -38.00 out-in 0.18  -36.00 out-in 0.18  -34.00 out-in 0.18  -32.00 out-in 0.18  -30.00 out-in 0.18  -28.00 out-in 0.18  -26.00 out-in 0.18  -24.00 out-in 0.18  -22.00 out-in 0.18  -20.00 out-in 0.18  -18.00 out-in 0.18  -16.00 out-in 0.18  -14.00 out-in 0.18  -12.00 out-in 0.18  -10.00 out-in 0.17  -8.00 out-in 0.17  -6.00 out-in 0.16  -4.00 out-in 0.15  -2.00 out-in 0.12  0.00 out-in 0.09  (default gain is information only)
linear reference: each position's own gain at -48, checked against -54 (must differ by 6 dB within 0.1): -0.00 -0.00 -0.00 -0.00 -0.00 -0.00 -0.00 -0.00 -0.00 -0.00 -0.00 -0.00 -0.00 -0.00 -0.00 -0.00
writes landed by: instack 16
processes: 38 run, 0 retried, 0 position(s) failed
write verify: 16 landed, 0 write_unlanded (skipped), in-stack read already matched on 16 of 16, pump slices total 16, longest confirm 3.1 ms, re-rendered 0
hold doubled at positions: none
still moving AFTER doubling (reading not used): none

pos   norm      display        red@-24  red@-12  red@-6    T(peak)   T-display
  0  0.0000    0.0             0.00     0.01     0.02          --          
  1  0.0667    6.7             0.00     0.01     0.02          --          
  2  0.1333    13.3            0.00     0.01     0.02          --          
  3  0.2000    20.0            0.00     0.01     0.02          --          
  4  0.2667    26.7            0.00     0.01     0.02          --          
  5  0.3333    33.3            0.00     0.01     0.02          --          
  6  0.4000    40.0            0.00     0.01     0.02          --          
  7  0.4667    46.7            0.00     0.01     0.02          --          
  8  0.5333    53.3            0.00     0.01     0.02          --          
  9  0.6000    60.0            0.00     0.01     0.02          --          
 10  0.6667    66.7            0.00     0.01     0.02          --          
 11  0.7333    73.3            0.00     0.01     0.02          --          
 12  0.8000    80.0            0.00     0.01     0.02          --          
 13  0.8667    86.7            0.00     0.01     0.02          --          
 14  0.9333    93.3            0.00     0.01     0.02          --          
 15  1.0000    100.0           0.00     0.01     0.02          --          

1 MAP:             flat (no two positions differ by more than 1 dB at any test level) | sense -- | engage -60.00:none -58.00:none -56.00:none -54.00:none -52.00:none -50.00:none -48.00:none -46.00:none -44.00:none -42.00:none -40.00:none -38.00:none -36.00:none -34.00:none -32.00:none -30.00:none -28.00:none -26.00:none -24.00:none -22.00:none -20.00:none -18.00:none -16.00:none -14.00:none -12.00:none -10.00:none -8.00:none -6.00:none -4.00:none -2.00:none 0.00:none
2 engage drift:    null  (not a dB display)   (primary; displayLinear unset until the population decides)
   offset IQR:      null
3 displayOffsetDb: null
fixture: AudioUnit_61755c26_1.1.0.json
--- exit=0   07:50:51   wall_s=143   ilok=[0x00130000 / 2]
=== [3] NEOLD V76U73   07:50:51   ilok=[0x00130000 / 2]   power='AC Power'
SWEEP: NEOLD V76U73 - not swept: 0 controls hold the threshold role (class none); deferred to review after the sweep
SWEEP: refusal recorded at stage 'plan' (permanent) -> AudioUnit_61755f23_1.3.0.json (skipped by the worklist until --retry-refused-all or a new version)
--- exit=4   07:51:06   wall_s=15   ilok=[0x00130000 / 2]
=== [4] Empirical Labs Mike-E Comp   07:51:06   ilok=[0x00130000 / 2]   power='AC Power'
SWEEP: Empirical Labs Mike-E Comp - not swept: 0 controls hold the threshold role (class amount_only); deferred to review after the sweep
SWEEP: refusal recorded at stage 'plan' (permanent) -> AudioUnit_54675c76_2.5.62.json (skipped by the worklist until --retry-refused-all or a new version)
--- exit=4   07:51:22   wall_s=16   ilok=[0x00130000 / 2]
=== [5] CLA-76 (s)   07:51:22   ilok=[0x00130000 / 2]   power='AC Power'
  sweeping CLA-76 (s) (unseen version 12.0.0: defaults sampled first) - 1 reference + 16 position processes
EJ Map threshold sweep - CLA-76 (s) -> AudioUnit_3d30727d_12.0.0.json  (DISCOVERED: mapped (server map state 3); no fixture existed)
probe: signed EchoJayProbe (feat/ejmap-cert), team 8BT5F9B887, cdhash e3db6a2a42ce59531d5fc5795f1d6b63a73c05e7
host: EJ Map 0.1.0 / x86_64 / 48k (BRIDGED)
threshold: [0] Input unit '' (class input_as_threshold, flags input_as_threshold) | positions 16 (16 evenly spaced), one process each, levels quiet to loud
ratio: [4] ran at '4' -> 4 | auto make-up disabled: no
default-threshold reference ('-30.0', spec 4.7 check only):  -60.00 out-in 6.34  -58.00 out-in 6.34  -56.00 out-in 6.34  -54.00 out-in 6.34  -52.00 out-in 6.34  -50.00 out-in 6.34  -48.00 out-in 6.34  -46.00 out-in 6.35  -44.00 out-in 6.34  -42.00 out-in 6.35  -40.00 out-in 6.35  -38.00 out-in 6.35  -36.00 out-in 6.35  -34.00 out-in 6.35  -32.00 out-in 6.35  -30.00 out-in 6.35  -28.00 out-in 6.35  -26.00 out-in 6.36  -24.00 out-in 6.36  -22.00 out-in 6.37  -20.00 out-in 6.38  -18.00 out-in 5.60  -16.00 out-in 4.23  -14.00 out-in 2.64  -12.00 out-in 0.96  -10.00 out-in -0.73  -8.00 out-in -2.43  -6.00 out-in -4.14  -4.00 out-in -5.84  -2.00 out-in -7.51  0.00 out-in -9.13  (default gain is information only)
linear reference: each position's own gain at -48, checked against -54 (must differ by 6 dB within 0.1): -- 0.00 0.00 0.00 0.00 0.00 0.00 0.00 0.00 0.00 0.00 0.01 0.01 0.01 0.01 0.01
writes landed by: pump 16
processes: 36 run, 0 retried, 0 position(s) failed
write verify: 16 landed, 0 write_unlanded (skipped), in-stack read already matched on 0 of 16, pump slices total 97, longest confirm 76.8 ms, re-rendered 0
hold doubled at positions: none
still moving AFTER doubling (reading not used): none

pos   norm      display        red@-24  red@-12  red@-6    T(peak)   T-display
  0  0.0000    -Inf              --       --       --          --          
  1  0.0667    -53.6          -0.00    -0.01    -0.02   {"above": 0.0}          
  2  0.1333    -47.2          -0.00    -0.01    -0.03        -3.6          
  3  0.2000    -40.8          -0.00    -0.02     1.61        -8.3          
  4  0.2667    -35.2          -0.01     0.47     4.95       -12.7          
  5  0.3333    -32.0          -0.01     3.29     8.34       -16.9          
  6  0.4000    -28.8          -0.02     6.66    11.77       -20.9          
  7  0.4667    -25.6           0.24     9.37    14.42       -24.0          
  8  0.5333    -22.4           2.55    12.65    17.50       -27.8          
  9  0.6000    -19.2           5.35    15.44    20.03       -31.1          
 10  0.6667    -16.0           7.55    17.51    21.88       -33.8          
 11  0.7333    -12.8          10.16    19.80    23.97       -36.9          
 12  0.8000    -9.6           13.37    22.48    26.34       -40.8          
 13  0.8667    -6.4           15.34    24.12    27.59       -43.0          
 14  0.9333    -3.2           15.93    24.60    27.99       -43.8          
 15  1.0000    0.0            16.00    24.65    28.04       -43.9          

1 MAP:             certified | sense higher_is_harder | engage -60.00:none -58.00:none -56.00:none -54.00:none -52.00:none -50.00:none -48.00:none -46.00:none -44.00:none -42.00:13 -40.00:13 -38.00:12 -36.00:11 -34.00:11 -32.00:10 -30.00:9 -28.00:9 -26.00:8 -24.00:8 -22.00:7 -20.00:7 -18.00:6 -16.00:6 -14.00:5 -12.00:5 -10.00:4 -8.00:4 -6.00:3 -4.00:3 -2.00:2 0.00:2
2 engage drift:    null  (not a dB display)   (primary; displayLinear unset until the population decides)
   offset IQR:      null
3 displayOffsetDb: null
fixture: AudioUnit_3d30727d_12.0.0.json
--- exit=0   07:54:17   wall_s=175   ilok=[0x00130000 / 2]
=== [6] CLA-2A (s)   07:54:17   ilok=[0x00130000 / 2]   power='AC Power'
  sweeping CLA-2A (s) (unseen version 12.0.0: defaults sampled first) - 1 reference + 16 position processes
EJ Map threshold sweep - CLA-2A (s) -> AudioUnit_4647037d_12.0.0.json  (DISCOVERED: mapped (server map state 3); no fixture existed)
probe: signed EchoJayProbe (feat/ejmap-cert), team 8BT5F9B887, cdhash e3db6a2a42ce59531d5fc5795f1d6b63a73c05e7
host: EJ Map 0.1.0 / x86_64 / 48k (BRIDGED)
threshold: [1] Peak Reduction unit '' (class single_threshold) | positions 16 (16 evenly spaced), one process each, levels quiet to loud
ratio: no control holds the ratio role | auto make-up disabled: no
default-threshold reference ('46.00', spec 4.7 check only):  -60.00 out-in 8.45  -58.00 out-in 8.45  -56.00 out-in 8.45  -54.00 out-in 8.45  -52.00 out-in 8.45  -50.00 out-in 8.45  -48.00 out-in 8.45  -46.00 out-in 8.45  -44.00 out-in 8.45  -42.00 out-in 8.45  -40.00 out-in 8.45  -38.00 out-in 8.45  -36.00 out-in 8.46  -34.00 out-in 8.46  -32.00 out-in 8.46  -30.00 out-in 8.47  -28.00 out-in 8.47  -26.00 out-in 8.48  -24.00 out-in 8.48  -22.00 out-in 8.49  -20.00 out-in 8.50  -18.00 out-in 8.51  -16.00 out-in 8.47  -14.00 out-in 8.11  -12.00 out-in 7.20  -10.00 out-in 5.88  -8.00 out-in 4.45  -6.00 out-in 2.94  -4.00 out-in 1.44  -2.00 out-in -0.05  0.00 out-in -1.52  (default gain is information only)
linear reference: each position's own gain at -48, checked against -54 (must differ by 6 dB within 0.1): 0.00 0.00 0.00 0.00 0.00 0.00 0.00 0.00 0.00 0.00 0.00 0.00 0.00 0.00 0.00 -0.01
writes landed by: instack 1 pump 15
processes: 36 run, 0 retried, 0 position(s) failed
write verify: 16 landed, 0 write_unlanded (skipped), in-stack read already matched on 1 of 16, pump slices total 67, longest confirm 53.2 ms, re-rendered 0
hold doubled at positions: none
still moving AFTER doubling (reading not used): none

pos   norm      display        red@-24  red@-12  red@-6    T(peak)   T-display
  0  0.0000    0.00           -0.03    -0.09    -0.12          --          
  1  0.0667    14.48          -0.03    -0.09    -0.12          --          
  2  0.1333    24.20          -0.03    -0.09    -0.12          --          
  3  0.2000    30.72          -0.03    -0.09    -0.12          --          
  4  0.2667    35.12          -0.03    -0.09    -0.12          --          
  5  0.3333    38.04          -0.03    -0.09    -0.12          --          
  6  0.4000    40.00          -0.03    -0.09    -0.12          --          
  7  0.4667    41.44          -0.03    -0.09     0.08          --          
  8  0.5333    43.40          -0.03    -0.08     1.83          --          
  9  0.6000    46.08          -0.03     1.36     5.63          --          
 10  0.6667    49.72          -0.02     6.47    10.95          --          
 11  0.7333    54.68           0.63     9.04    13.57          --          
 12  0.8000    61.40           3.21    12.18    16.64          --          
 13  0.8667    70.56           7.42    16.38    20.99          --          
 14  0.9333    83.04          11.40    20.48    24.92          --          
 15  1.0000    100.00         15.46    24.52    28.79          --          

1 MAP:             certified (ratio unknown (no ratio control): no dB-equivalent map) | sense higher_is_harder | engage -60.00:none -58.00:none -56.00:none -54.00:none -52.00:none -50.00:none -48.00:none -46.00:none -44.00:15 -42.00:15 -40.00:15 -38.00:14 -36.00:14 -34.00:13 -32.00:13 -30.00:13 -28.00:12 -26.00:12 -24.00:11 -22.00:11 -20.00:10 -18.00:10 -16.00:10 -14.00:10 -12.00:9 -10.00:9 -8.00:8 -6.00:8 -4.00:7 -2.00:7 0.00:6
2 engage drift:    null  (not a dB display)   (primary; displayLinear unset until the population decides)
   offset IQR:      null
3 displayOffsetDb: null
fixture: AudioUnit_4647037d_12.0.0.json
--- exit=0   07:57:28   wall_s=191   ilok=[0x00130000 / 2]
=== [7] VComp (s)   07:57:28   ilok=[0x00130000 / 2]   power='AC Power'
  sweeping VComp (s) (unseen version 12.0.0: defaults sampled first) - 1 reference + 16 position processes
EJ Map threshold sweep - VComp (s) -> AudioUnit_4450727d_12.0.0.json  (DISCOVERED: mapped (server map state 3); no fixture existed)
probe: signed EchoJayProbe (feat/ejmap-cert), team 8BT5F9B887, cdhash e3db6a2a42ce59531d5fc5795f1d6b63a73c05e7
host: EJ Map 0.1.0 / x86_64 / 48k (BRIDGED)
threshold: [0] Input unit 'dB' (class input_as_threshold, flags input_as_threshold) | positions 16 (16 evenly spaced), one process each, levels quiet to loud
ratio: [9] ran at '' -> not numeric | auto make-up disabled: no
default-threshold reference ('-6.0 dB', spec 4.7 check only):  -60.00 out-in 10.56  -58.00 out-in 10.56  -56.00 out-in 10.56  -54.00 out-in 10.56  -52.00 out-in 10.56  -50.00 out-in 10.56  -48.00 out-in 10.56  -46.00 out-in 10.56  -44.00 out-in 10.56  -42.00 out-in 10.56  -40.00 out-in 10.56  -38.00 out-in 10.56  -36.00 out-in 10.56  -34.00 out-in 10.56  -32.00 out-in 10.56  -30.00 out-in 10.56  -28.00 out-in 10.56  -26.00 out-in 10.56  -24.00 out-in 10.56  -22.00 out-in 10.56  -20.00 out-in 10.56  -18.00 out-in 10.56  -16.00 out-in 10.56  -14.00 out-in 10.56  -12.00 out-in 10.56  -10.00 out-in 10.56  -8.00 out-in 10.56  -6.00 out-in 10.56  -4.00 out-in 10.56  -2.00 out-in 10.56  0.00 out-in 10.56  (default gain is information only)
linear reference: each position's own gain at -48, checked against -54 (must differ by 6 dB within 0.1): 0.00 0.00 0.00 0.00 0.00 0.00 0.00 0.00 0.00 0.00 0.00 0.00 0.00 0.00 0.00 0.00
writes landed by: pump 16
processes: 36 run, 0 retried, 0 position(s) failed
write verify: 16 landed, 0 write_unlanded (skipped), in-stack read already matched on 0 of 16, pump slices total 106, longest confirm 61.1 ms, re-rendered 0
hold doubled at positions: none
still moving AFTER doubling (reading not used): none

pos   norm      display        red@-24  red@-12  red@-6    T(peak)   T-display
  0  0.0000    -24.0 dB        0.00     0.00     0.00          --          
  1  0.0667    -19.3 dB        0.00     0.00     0.00          --          
  2  0.1333    -15.7 dB        0.00     0.00     0.00          --          
  3  0.2000    -12.5 dB        0.00     0.00     0.00          --          
  4  0.2667    -9.6 dB         0.00     0.00     0.00          --          
  5  0.3333    -6.7 dB         0.00     0.00     0.00          --          
  6  0.4000    -4.0 dB         0.00     0.00     0.00          --          
  7  0.4667    -1.3 dB         0.00     0.00     0.00          --          
  8  0.5333    1.3 dB          0.00     0.00     0.00          --          
  9  0.6000    3.8 dB          0.00     0.00     0.00          --          
 10  0.6667    6.3 dB          0.00     0.00     0.00          --          
 11  0.7333    8.7 dB          0.00     0.00     0.00          --          
 12  0.8000    11.1 dB         0.00     0.00     0.00          --          
 13  0.8667    13.4 dB         0.00     0.00     0.00          --          
 14  0.9333    15.7 dB         0.00     0.00     0.00          --          
 15  1.0000    18.0 dB         0.00     0.00     0.00          --          

1 MAP:             flat (no two positions differ by more than 1 dB at any test level) | sense -- | engage -60.00:none -58.00:none -56.00:none -54.00:none -52.00:none -50.00:none -48.00:none -46.00:none -44.00:none -42.00:none -40.00:none -38.00:none -36.00:none -34.00:none -32.00:none -30.00:none -28.00:none -26.00:none -24.00:none -22.00:none -20.00:none -18.00:none -16.00:none -14.00:none -12.00:none -10.00:none -8.00:none -6.00:none -4.00:none -2.00:none 0.00:none
2 engage drift:    null  (not a dB display)   (primary; displayLinear unset until the population decides)
   offset IQR:      null
3 displayOffsetDb: null
fixture: AudioUnit_4450727d_12.0.0.json
--- exit=0   08:00:19   wall_s=171   ilok=[0x00130000 / 2]
PROFILE DONE 08:00:19
